=== Expand Occupations ===
Total occupations: 602
Already fetched: 263
Remaining: 339
Queries used today: 0/490
  29-1243 Pediatric Surgeons... 3 records
  29-1248 Surgeons, Except Ophthalmologists... 0 records
  29-1292 Dental Hygienists... 49 records
  29-2010 Clinical Laboratory Technologists and Te... 50 records
  29-2032 Diagnostic Medical Sonographers... 50 records
  29-2033 Nuclear Medicine Technologists... 49 records
  29-2034 Radiologic Technologists and Technicians... 50 records
  29-2035 Magnetic Resonance Imaging Technologists... 50 records
  29-2041 Emergency Medical Technicians... 0 records
  29-2042 Paramedics... 50 records
  29-2043 Paramedics... 50 records
  29-2051 Dietetic Technicians... 45 records
  29-2052 Pharmacy Technicians... 50 records
  29-2053 Psychiatric Technicians... 47 records
  29-2055 Surgical Technologists... 50 records
  29-2056 Veterinary Technologists and Technicians... 50 records
  29-2061 Licensed Practical and Licensed Vocation... 50 records
  29-2072 Medical Records Specialists... 50 records
  29-2081 Opticians, Dispensing... 50 records
  29-2091 Orthotists and Prosthetists... 43 records
  29-2099 Health Technologists and Technicians, Al... 50 records
  29-9021 Health Information Technologists and Med... 49 records
  29-9093 Surgical Assistants... 39 records
  31-1120 Home Health and Personal Care Aides... 50 records
  31-1131 Nursing Assistants... 50 records
  31-1132 Orderlies... 45 records
  31-1133 Psychiatric Aides... 29 records
  31-2011 Occupational Therapy Assistants... 50 records
  31-2012 Occupational Therapy Aides... 21 records
  31-2021 Physical Therapist Assistants... 50 records
  31-2022 Physical Therapist Aides... 47 records
  31-9011 Massage Therapists... 49 records
  31-9091 Dental Assistants... 50 records
  31-9092 Medical Assistants... 50 records
  31-9093 Medical Equipment Preparers... 50 records
  31-9094 Medical Transcriptionists... 50 records
  31-9096 Veterinary Assistants and Laboratory Ani... 49 records
  31-9097 Phlebotomists... 50 records
  33-1011 First-Line Supervisors of Correctional O... 47 records
  33-1012 First-Line Supervisors of Police and Det... 50 records
  33-1021 First-Line Supervisors of Firefighting a... 50 records
  33-2011 Firefighters... 50 records
  33-2021 Fire Inspectors and Investigators... 46 records
  33-3011 Bailiffs... 34 records
  33-3012 Correctional Officers and Jailers... 49 records
  33-3021 Detectives and Criminal Investigators... 50 records
  33-3031 Fish and Game Wardens... 16 records
  33-3041 Parking Enforcement Workers... 29 records
  33-3051 Police and Sheriff's Patrol Officers... 50 records
  33-9011 Animal Control Workers... 46 records
  33-9021 Private Detectives and Investigators... 50 records
  33-9032 Security Guards... 50 records
  33-9091 Crossing Guards and Flaggers... 50 records
  33-9093 Transportation Security Screeners... 45 records
  35-1011 Chefs and Head Cooks... 50 records
  35-1012 First-Line Supervisors of Food Preparati... 50 records
  35-2011 Cooks, Fast Food... 49 records
  35-2012 Cooks, Institution and Cafeteria... 50 records
  35-2014 Cooks, Restaurant... 50 records
  35-2015 Cooks, Short Order... 48 records
  35-2021 Food Preparation Workers... 50 records
  35-3011 Bartenders... 50 records

  Daily limit reached (496/490). Run again tomorrow.

=== Summary ===
  Occupations in DB: 345
  Total wage records: 14023
  New records today: 2773
  Queries used: 496/490
  Remaining occupations: 277
  Estimated days to complete: 5
=== Expand Occupations ===
Total occupations: 602
Already fetched: 325
Remaining: 277
Queries used today: 0/490
  35-3023 Fast Food and Counter Workers... 50 records
  35-3031 Waiters and Waitresses... 50 records
  35-3041 Food Servers, Nonrestaurant... 50 records
  35-9011 Dining Room and Cafeteria Attendants and... 50 records
  35-9021 Dishwashers... 50 records
  35-9031 Hosts and Hostesses, Restaurant, Lounge,... 50 records
  37-1011 First-Line Supervisors of Housekeeping a... 50 records
  37-1012 First-Line Supervisors of Landscaping, L... 50 records
  37-2011 Janitors and Cleaners, Except Maids and ... 50 records
  37-2012 Maids and Housekeeping Cleaners... 50 records
  37-3011 Landscaping and Groundskeeping Workers... 50 records
  37-3012 Pesticide Handlers, Sprayers, and Applic... 41 records
  37-3013 Tree Trimmers and Pruners... 46 records
  39-1014 First-Line Supervisors of Entertainment ... 50 records
  39-2011 Animal Trainers... 48 records
  39-2021 Animal Caretakers... 50 records
  39-3012 Gambling and Sports Book Writers and Run... 16 records
  39-3031 Ushers, Lobby Attendants, and Ticket Tak... 50 records
  39-4011 Embalmers... 15 records
  39-4031 Morticians, Undertakers, and Funeral Arr... 46 records
  39-5011 Barbers... 23 records
  39-5012 Hairdressers, Hairstylists, and Cosmetol... 50 records
  39-5091 Makeup Artists, Theatrical and Performan... 7 records
  39-5092 Manicurists and Pedicurists... 46 records
  39-5093 Shampooers... 13 records
  39-5094 Skincare Specialists... 50 records
  39-7010 Tour and Travel Guides... 47 records
  39-9011 Childcare Workers... 50 records
  39-9031 Exercise Trainers and Group Fitness Inst... 50 records
  39-9032 Recreation Workers... 50 records
  39-9041 Residential Advisors... 50 records
  41-1011 First-Line Supervisors of Retail Sales W... 50 records
  41-1012 First-Line Supervisors of Non-Retail Sal... 50 records
  41-2011 Cashiers... 50 records
  41-2021 Counter and Rental Clerks... 50 records
  41-2031 Retail Salespersons... 50 records
  41-3011 Advertising Sales Agents... 48 records
  41-3021 Insurance Sales Agents... 50 records
  41-3031 Securities, Commodities, and Financial S... 50 records
  41-3041 Travel Agents... 49 records
  41-4012 Sales Representatives, Wholesale and Man... 50 records
  41-9011 Demonstrators and Product Promoters... 48 records
  41-9021 Real Estate Brokers... 35 records
  41-9022 Real Estate Sales Agents... 49 records
  41-9031 Sales Engineers... 48 records
  41-9041 Telemarketers... 43 records
  43-1011 First-Line Supervisors of Office and Adm... 50 records
  43-2011 Switchboard Operators, Including Answeri... 49 records
  43-3011 Bill and Account Collectors... 50 records
  43-3021 Billing and Posting Clerks... 49 records
  43-3031 Bookkeeping, Accounting, and Auditing Cl... 50 records
  43-3051 Payroll and Timekeeping Clerks... 50 records
  43-3061 Procurement Clerks... 50 records
  43-3071 Tellers... 50 records
  43-4011 Brokerage Clerks... 46 records
  43-4021 Correspondence Clerks... 16 records
  43-4031 Court, Municipal, and License Clerks... 50 records
  43-4041 Credit Authorizers, Checkers, and Clerks... 44 records
  43-4051 Customer Service Representatives... 50 records
  43-4061 Eligibility Interviewers, Government Pro... 50 records
  43-4071 File Clerks... 50 records
  43-4081 Hotel, Motel, and Resort Desk Clerks... 50 records

  Daily limit reached (496/490). Run again tomorrow.

=== Summary ===
  Occupations in DB: 397
  Total wage records: 16345
  New records today: 2822
  Queries used: 496/490
  Remaining occupations: 215
  Estimated days to complete: 4
